ERC report (2026-06-28T15:42:14, Encoding UTF8)
Report includes: Errors, Warnings

***** Sheet /
[power_pin_not_driven]: Input Power pin not driven by any Output Power pins
    ; error
    @(5100 mils, 1400 mils): Symbol #PWR01 Pin 1 [Power input, Line]
[power_pin_not_driven]: Input Power pin not driven by any Output Power pins
    ; error
    @(5100 mils, 4750 mils): Symbol #PWR02 Pin 1 [Power input, Line]
[pin_not_connected]: Pin not connected
    ; error
    @(6850 mils, 4050 mils): Symbol SW1 Pin 6 [C, Passive, Line]
[pin_not_connected]: Pin not connected
    ; error
    @(6850 mils, 4250 mils): Symbol SW1 Pin 5 [B, Passive, Line]
[pin_not_connected]: Pin not connected
    ; error
    @(6850 mils, 4450 mils): Symbol SW1 Pin 4 [A, Passive, Line]
[footprint_link_issues]: The current configuration does not include the footprint library 'Diode_THT'
    ; warning
    @(6000 mils, 3100 mils): Symbol D3 [1N4148]
[footprint_link_issues]: The current configuration does not include the footprint library 'Diode_THT'
    ; warning
    @(6000 mils, 3300 mils): Symbol D4 [1N4148]
[footprint_link_issues]: The current configuration does not include the footprint library 'Diode_THT'
    ; warning
    @(6000 mils, 3850 mils): Symbol D1 [1N5819]
[footprint_link_issues]: The current configuration does not include the footprint library 'Diode_THT'
    ; warning
    @(6000 mils, 4200 mils): Symbol D2 [1N5819]

 ** ERC messages: 9  Errors 5  Warnings 4

 ** Ignored checks:
    - Global label only appears once in the schematic
    - Four connection points are joined together
    - SPICE model issue
    - Assigned footprint doesn't match footprint filters
